// Jest Snapshot v1, https://goo.gl/fbAQLP

exports[`Header Layout Unit Tests Render component 1`] = `
<Adapter
  className="videx-header"
>
  <Row
    gutter={0}
  >
    <Col
      lg={4}
      md={6}
      sm={8}
      xs={10}
    >
      <Link
        className="videx-header-logo"
        onClick={[Function]}
        onlyActiveOnIndex={false}
        style={Object {}}
        to="/"
      >
        <img
          alt="logo"
          className="videx-header-logo-img"
          src="/static/logo.png"
        />
        <span
          className="videx-header-logo-span"
        >
          ViDeX
        </span>
      </Link>
    </Col>
    <Col
      lg={20}
      md={18}
      sm={16}
      xs={14}
    >
      <div
        className="videx-header-avatar"
      >
        <Connect(UserContainer) />
      </div>
    </Col>
  </Row>
</Adapter>
`;
